(1) e(G[R]) floor for |R| = 2..11
    h2871 claims        : [1, 1, 3, 4, 6, 8, 10, 12, 14, 16]
    my closed form      : [1, 1, 3, 4, 6, 8, 10, 12, 14, 16]
    my brute force      : [1, 1, 3, 4, 6, 8, 10, 12, 14, 16]
    agree: True

(2) r = 28, order 55, cr(K_14)=315: 8 rows, Z(28) = 7098
    split minima: [9448, 8721, 9448, 8721, 7994, 7354]
    tightest margin over Z(28): 256
    rows not closed: none
(2) r = 28, order 55, cr(K_12)=150 only: 8 rows, Z(28) = 7098
    split minima: [9126, 8424, 9126, 8424, 7722, 7104]
    tightest margin over Z(28): 6
    rows not closed: none

(2) r = 29, order 57, cr(K_14)=315: 30 rows, Z(29) = 8281
    split minima: [11092, 11092, 10270, 9448, 11092, 10270, 9448, 8721, 7856, 11092, 10270, 9448, 8343, 7521, 6714, 6154, 11092, 10270, 9448, 8343, 7521, 6714, 6154, 5594, 5107]
    tightest margin over Z(29): -3174
    rows not closed: [(826, 7), (827, 7), (827, 8), (827, 9), (828, 7), (828, 8), (828, 9), (828, 10), (828, 11)]
(2) r = 29, order 57, cr(K_12)=150 only: 30 rows, Z(29) = 8281
    split minima: [10714, 10714, 9920, 9126, 10714, 9920, 9126, 8424, 7589, 10714, 9920, 9126, 8059, 7265, 6486, 5945, 10714, 9920, 9126, 8059, 7265, 6486, 5945, 5404, 4934]
    tightest margin over Z(29): -3347
    rows not closed: [(826, 7), (827, 6), (827, 7), (827, 8), (827, 9), (828, 6), (828, 7), (828, 8), (828, 9), (828, 10), (828, 11)]

(3) exact integer order bands (section 1)
    n >= 2.82 r: 141/50 = 2.82 == 2.82: True
    n >= 1.228 r: 307/250 = 1.228 == 1.228: True
    n <= 1.768 r: 221/125 = 1.768 == 1.768: True
    r = 28: orders NOT excluded by the integer bands: [33, 34, 50, 51, 52, 53, 54, 55, 56, 57, 58, 59, 60, 61, 62, 63, 64, 65, 66, 67, 68, 69, 70, 71, 72, 73, 74, 75, 76, 77, 78]
    r = 29: orders NOT excluded by the integer bands: [34, 35, 52, 53, 54, 55, 56, 57, 58, 59, 60, 61, 62, 63, 64, 65, 66, 67, 68, 69, 70, 71, 72, 73, 74, 75, 76, 77, 78, 79, 80, 81]
