 34     12       -127     K_1         0    4179    4724    8903
 35     13        -99     K_1         0    4138    4724    8862
 36     14        -71     K_1         0    4098    4724    8822
 37     15        -43     K_1         0    4057    4724    8781
 38     16        -15     K_1         0    4018    4724    8742
 39     17         13     K_2         0    3978    4724    8702
 40     18         41     K_5         1    3938    4724    8662
 41     19         69     K_9        36    3899    4724    8623
 42     20         97     K_11      100    3860    4724    8584
 43     21        125     K_15      430    3822    4724    8546
 44     22        153     K_18      966    3783    4724    8507
 45     23        181     K_19     1224    3744    4724    8468
 46     24        209     K_21     1890    3706    4724    8430
 47     25        237     K_22     2310    3668    4724    8392
 48     26        265     K_24     3357    3630    4724    8354
 49     27        293     K_25     3997    3997    4724    8721
 50     28        321     K_26     4724    4724    4724    9448
 51     29        349     K_27     5546    5546    4724   10270
 52     30        377     K_28     6471    6471    4724   11195
minimum over Y: 8354 at Y = 48   (Z(29) = 8281)
