type 1^0 2^1 4^10: 221 orbit variables, 424084 deduplicated clauses (encode 4 s)
Traceback (most recent call last):
  File "<string>", line 11, in <module>
    r=subprocess.run([CAD,'-q','--binary=false','z4_smallest.cnf'],capture_output=True,timeout=900)
  File "/Users/abuzark/.local/share/uv/python/cpython-3.13.15-macos-aarch64-none/lib/python3.13/subprocess.py", line 556, in run
    stdout, stderr = process.communicate(input, timeout=timeout)
                     ~~~~~~~~~~~~~~~~~~~^^^^^^^^^^^^^^^^^^^^^^^^
  File "/Users/abuzark/.local/share/uv/python/cpython-3.13.15-macos-aarch64-none/lib/python3.13/subprocess.py", line 1222, in communicate
    stdout, stderr = self._communicate(input, endtime, timeout)
                     ~~~~~~~~~~~~~~~~~^^^^^^^^^^^^^^^^^^^^^^^^^
  File "/Users/abuzark/.local/share/uv/python/cpython-3.13.15-macos-aarch64-none/lib/python3.13/subprocess.py", line 2155, in _communicate
    self._check_timeout(endtime, orig_timeout, stdout, stderr)
    ~~~~~~~~~~~~~~~~~~~^^^^^^^^^^^^^^^^^^^^^^^^^^^^^^^^^^^^^^^
  File "/Users/abuzark/.local/share/uv/python/cpython-3.13.15-macos-aarch64-none/lib/python3.13/subprocess.py", line 1269, in _check_timeout
    raise TimeoutExpired(
    ...<2 lines>...
            stderr=b''.join(stderr_seq) if stderr_seq else None)
subprocess.TimeoutExpired: Command '['/Users/abuzark/.discovery-research-team/workspaces/reviewer-1/scratch/r55auto/tools/cadical/build/cadical', '-q', '--binary=false', 'z4_smallest.cnf']' timed out after 900 seconds
published: 221 orbits, 424084 clauses -> match

[exited with code 0]
