the recursion applied upward, with the stated seeds:
   n  t   my lower bound   published   prediction   verdict
    8  2           10           10           12   agree
    8  3            8            8            9   agree
   10  2           42           42           48   agree
   10  3           34           34           42   agree
   10  4           28           28           36   agree
   10  5           24           24           30   agree
   12  2          118          118          130   agree
   12  3          101          101          120   agree
   12  4           87           87          110   agree
   12  5           75           75          100   agree
   12  6           66           66           90   agree
   rows disagreeing with the published map: 0

   verified even cases in the seed set: 11 [(6, 0), (6, 1), (6, 2), (6, 3), (8, 0), (8, 1), (8, 4), (10, 0), (10, 1), (12, 0), (12, 1)]
   they all equal the prediction: True
   open even cases at n <= 12: 11
   no lower bound exceeds its prediction: True

   odd-order values the even rows depend on, from the same recursion:
     M_9,2: lower bound 22
     M_9,3: lower bound 17
     M_9,4: lower bound 14
     M_11,2: lower bound 73
     M_11,3: lower bound 61
