degree census: G = K_1m box C_n versus H = C_n + Kbar_m
n  m | G: #deg>=4  degree multiset        | H: #branch of deg>=4
3  1 |        0  {3: 6}               | 0
3  2 |        3  {3: 6, 4: 3}         | 3
3  3 |        3  {3: 9, 5: 3}         | 3
3  5 |        3  {3: 15, 7: 3}        | 3
3  8 |        3  {3: 24, 10: 3}       | 3
4  1 |        0  {3: 8}               | 1   <-- no subdivision of H can fit in G
4  2 |        4  {3: 8, 4: 4}         | 6   <-- no subdivision of H can fit in G
4  3 |        4  {3: 12, 5: 4}        | 7   <-- no subdivision of H can fit in G
4  5 |        4  {3: 20, 7: 4}        | 9   <-- no subdivision of H can fit in G
4  8 |        4  {3: 32, 10: 4}       | 12   <-- no subdivision of H can fit in G
5  1 |        0  {3: 10}              | 1   <-- no subdivision of H can fit in G
5  2 |        5  {3: 10, 4: 5}        | 7   <-- no subdivision of H can fit in G
5  3 |        5  {3: 15, 5: 5}        | 8   <-- no subdivision of H can fit in G
5  5 |        5  {3: 25, 7: 5}        | 10   <-- no subdivision of H can fit in G
5  8 |        5  {3: 40, 10: 5}       | 13   <-- no subdivision of H can fit in G
6  1 |        0  {3: 12}              | 1   <-- no subdivision of H can fit in G
6  2 |        6  {3: 12, 4: 6}        | 8   <-- no subdivision of H can fit in G
6  3 |        6  {3: 18, 5: 6}        | 9   <-- no subdivision of H can fit in G
6  5 |        6  {3: 30, 7: 6}        | 11   <-- no subdivision of H can fit in G
6  8 |        6  {3: 48, 10: 6}       | 14   <-- no subdivision of H can fit in G
7  1 |        0  {3: 14}              | 1   <-- no subdivision of H can fit in G
7  2 |        7  {3: 14, 4: 7}        | 9   <-- no subdivision of H can fit in G
7  3 |        7  {3: 21, 5: 7}        | 10   <-- no subdivision of H can fit in G
7  5 |        7  {3: 35, 7: 7}        | 12   <-- no subdivision of H can fit in G
7  8 |        7  {3: 56, 10: 7}       | 15   <-- no subdivision of H can fit in G
