== checker self-test ==
  selftest OK: C_5 is (3,3,5); C_8(1,4) is (3,4,8); orbit counts 36 (identity, n=9) and 3 (7-cycle)
== certificates ==
  OK   n=36 type 36^1
  OK   n=36 type 1^19 17^1
  OK   n=36 type 1^2 17^2
  OK   n=36 type 1^10 13^2
  OK   n=37 type 37^1
  OK   n=37 type 1^20 17^1
  OK   n=37 type 1^3 17^2
  OK   n=37 type 1^11 13^2
  OK   n=38 type 38^1
  OK   n=38 type 19^2
  OK   n=38 type 1^21 17^1
  OK   n=38 type 1^4 17^2
  OK   n=38 type 1^12 13^2
  OK   n=39 type 39^1
  OK   n=39 type 1^22 17^1
  OK   n=39 type 1^5 17^2

16 certificates verified, 0 skipped, 0 failed
python3 check_all.py  105.78s user 0.54s system 99% cpu 1:46.48 total
