Albertson's conjecture for r = 28   (independent of the r = 27 result)
Exact arithmetic; Z(28) = 7098 >= cr(K_28)

SOUNDNESS CONTROLS: barrier machinery PASS ; recursive table PASS

PART A   the order of a minimum counterexample
   orders left by Cranston's exclusions and the sampling ceiling:
      n=54   m in [755, 757]
      n=55   m in [768, 769]
      n=54   Gallai join decompositions within the edge budget: 0 -> ORDER IMPOSSIBLE
   => n = 55 and m in [768, 769]

PART B   the rows at n = 55
   m    |R|  |V(L)|  e(L) >=   Gallai cap   split bound   verdict
  768    2     53      664         631         10270      impossible
  768    3     52      637         628          9448      impossible
  768    4     51      612         626          8721      impossible
  769    2     53      663         631         10270      impossible
  769    3     52      636         628          9448      impossible
  769    4     51      611         626          8721      impossible
  769    5     50      585         625          7856      impossible
  769    6     49      560         601          7354      impossible

PART C   dependency reduction: cr(K_13) and cr(K_14) are not needed
     cr(K_14)=315 (CCCG 2021): split minima [10270, 9448, 8721, 10270, 9448, 8721, 7856, 7354]
                               tightest margin over Z(28) = 256
     cr(K_12)=150 only      : split minima [9920, 9126, 8424, 9920, 9126, 8424, 7589, 7104]
                              tightest margin over Z(28) = 6

CONCLUSION
   No 28-critical G has cr(G) < cr(K_28):  Albertson's conjecture
   holds for r = 28, conditional on the published inputs in README.md.
